
> conferencehome@0.0.0 build
> tsc -b && vite build

src/components/pages/MeetingsPage.tsx(3,30): error TS6133: 'Users' is declared but its value is never read.
src/components/pages/ProfilePage.tsx(2,22): error TS6133: 'Calendar' is declared but its value is never read.
